
[1m[46m RUN [49m[22m [36mv4.0.18 [39m[90mC:/Users/gregp/Desktop/Code Projects/Discord_Bot_V3[39m

node.exe : 
[baseline-browser-mapping] The 
data in this module is over two 
months old.  To ensure accurate 
Baseline data, please update: 
`npm i 
baseline-browser-mapping@latest 
-D`
At C:\Program 
Files\nodejs\npx.ps1:29 char:3
+   & $NODE_EXE $NPX_CLI_JS $args
+   ~~~~~~~~~~~~~~~~~~~~~~~~~~~~~
    + CategoryInfo          : Not 
   Specified: ([baseline-brows..  
  .ping@latest -D`:String) [],    
 RemoteException
    + FullyQualifiedErrorId : Nat 
   iveCommandError
 
 [31mΓ¥»[39m tests/commands/RobloxApiKeyCommand.test.ts [2m([22m[2m6 tests[22m[2m | [22m[31m1 failed[39m[2m)[22m[32m 73[2mms[22m[39m
     [32mΓ£ô[39m connect blocks when an API key is already configured[32m 6[2mms[22m[39m
[31m     [31m├ù[31m connect returns setup page link button when not configured[39m[32m 7[2mms[22m[39m
     [32mΓ£ô[39m status shows configured info when API key exists[32m 1[2mms[22m[39m
     [32mΓ£ô[39m status clears stale metadata when API key is not configured[32m 1[2mms[22m[39m
     [32mΓ£ô[39m disconnect calls delete endpoint and clears metadata[32m 1[2mms[22m[39m
     [32mΓ£ô[39m disconnect returns error when no API key is configured[32m 1[2mms[22m[39m

[31mΓÄ»ΓÄ»ΓÄ»ΓÄ»ΓÄ»ΓÄ»ΓÄ»[39m[1
m[41m Failed Tests 1 [49m[22m[
31mΓÄ»ΓÄ»ΓÄ»ΓÄ»ΓÄ»ΓÄ»ΓÄ»[39m

[41m[1m FAIL [22m[49m tests/co
mmands/RobloxApiKeyCommand.test.ts
[2m > [22mRoblox API Key 
subcommands[2m > [22mconnect 
returns setup page link button 
when not configured
[31m[1mAssertionError[22m: 
expected "vi.fn()" to be called 
with arguments: [ { ΓÇª(14) }, 
ObjectContaining{ΓÇª} ][90m

Received: 

[1m  1st vi.fn() call:

[22m[33m@@ -34,21 +34,37 @@[90m
[2m        "id": "admin-1",[22m
[2m        "tag": 
"AdminOne#0001",[22m
[2m        "username": 
"AdminOne",[22m
[2m      },[22m
[2m    },[22m
[32m-   ObjectContaining {[90m
[31m+   {[90m
[2m      "components": [[22m
[32m-       ObjectContaining 
{[90m
[31m+       {[90m
[2m          "components": [[22m
[32m-           ObjectContaining 
{[90m
[32m-             "data": 
ObjectContaining {[90m
[32m-               "url": 
StringMatching /expires=\d+&guild_
id=guild-1&sig=[a-f0-9]{64}&user_i
d=admin-1/,[90m
[31m+           {[90m
[31m+             "emoji": 
undefined,[90m
[31m+             "label": "Open 
Setup Page",[90m
[31m+             "style": 
5,[90m
[31m+             "type": 2,[90m
[31m+             "url": "https:/
/bridge.test/roblox/apikey?expires
=1772509196&guild_id=guild-1&sig=4
2ec5ef3af0b9a31678b1f6c9d8cd638a08
1dc12e39355f6f83303a76b64d242&user
_id=admin-1",[90m
[2m            },[22m
[31m+         ],[90m
[31m+         "type": 1,[90m
[2m        },[22m
[2m      ],[22m
[31m+     "embeds": [[90m
[31m+       {[90m
[31m+         "color": 
5793266,[90m
[31m+         "description": 
"Click the button below to open 
the API key setup page. You will 
need your Roblox Open Cloud API 
key and your Universe ID (or 
Group ID).[90m
[31m+[90m
[31m+ After completing setup, 
run `/roblox status` to 
verify.",[90m
[31m+         "footer": {[90m
[31m+           "icon_url": 
undefined,[90m
[31m+           "text": "After 
completing setup in browser, run 
/roblox status.",[90m
[31m+         },[90m
[31m+         "timestamp": 
"2026-03-03T03:24:56.380Z",[90m
[31m+         "title": "Connect 
Roblox API Key",[90m
[2m        },[22m
[2m      ],[22m
[32m-     "embeds": 
Any<Array>,[90m
[2m      "ephemeral": true,[22m
[2m    },[22m
[2m  ][22m
[31m[90m

Number of calls: [1m1[22m
[31m[39m
[36m [2mΓ¥»[22m tests/commands/
RobloxApiKeyCommand.test.ts:[2m11
4:59[22m[39m
    [90m112| [39m    await expec
t(RobloxCommand.execute(interactio
n, context)).resolvesΓÇª
    [90m113| [39m
    [90m114| [39m    expect(cont
ext.responders.interactionResponde
r.Reply).toHaveBeenCaΓÇª
    [90m   | [39m               
                                  
         [31m^[39m
    [90m115| [39m      
interaction[33m,[39m
    [90m116| [39m      expect[3
3m.[39m[34mobjectContaining[39m
({

[31m[2mΓÄ»ΓÄ»ΓÄ»ΓÄ»ΓÄ»ΓÄ»ΓÄ»ΓÄ»Γ
Ä»ΓÄ»ΓÄ»ΓÄ»ΓÄ»ΓÄ»ΓÄ»ΓÄ»ΓÄ»ΓÄ»ΓÄ»ΓÄ
»ΓÄ»ΓÄ»ΓÄ»ΓÄ»[1/1]ΓÄ»[22m[39m


[2m Test Files [22m [1m[31m1 failed[39m[22m[90m (1)[39m
[2m      Tests [22m [1m[31m1 failed[39m[22m[2m | [22m[1m[32m5 passed[39m[22m[90m (6)[39m
[2m   Start at [22m 20:24:55
[2m   Duration [22m 1.06s[2m (transform 184ms, setup 26ms, import 560ms, tests 73ms, environment 0ms)[22m

